// Jest Snapshot v1, https://goo.gl/fbAQLP

exports[`<IconButton /> Should match the latest snapshots 1`] = `
Array [
  <IconButton
    src="icon.svg"
  >
    <Button
      classes="acr-icon-btn"
    >
      <button
        className="acr-btn acr-icon-btn"
      >
        <Icon
          src="icon.svg"
        >
          <img
            className="acr-icon"
            src="icon.svg"
          />
        </Icon>
      </button>
    </Button>
  </IconButton>,
  <IconButton
    src="icon.svg"
  >
    <Button
      classes="acr-icon-btn"
    >
      <button
        className="acr-btn acr-icon-btn"
      >
        <Icon
          src="icon.svg"
        >
          <img
            className="acr-icon"
            src="icon.svg"
          />
        </Icon>
      </button>
    </Button>
  </IconButton>,
  <IconButton
    src="icon.svg"
  >
    <Button
      classes="acr-icon-btn"
    >
      <button
        className="acr-btn acr-icon-btn"
      >
        <Icon
          src="icon.svg"
        >
          <img
            className="acr-icon"
            src="icon.svg"
          />
        </Icon>
      </button>
    </Button>
  </IconButton>,
]
`;
