// Jest Snapshot v1, https://goo.gl/fbAQLP

exports[`<Alert /> Should match the latest snapshot 1`] = `
Array [
  <Alert>
    <aside
      className="acr-alert"
    >
      Example
      <Button
        onClick={[Function]}
      >
        <button
          className="acr-btn"
          onClick={[Function]}
        >
          Dismiss
        </button>
      </Button>
    </aside>
  </Alert>,
  <Alert
    variant="primary"
  >
    <aside
      className="acr-alert acr-variant-primary"
    >
      Example
      <Button
        onClick={[Function]}
        variant="primary"
      >
        <button
          className="acr-btn acr-variant-primary"
          onClick={[Function]}
        >
          Dismiss
        </button>
      </Button>
    </aside>
  </Alert>,
  <Alert
    variant="success"
  >
    <aside
      className="acr-alert acr-variant-success"
    >
      Example
      <Button
        onClick={[Function]}
        variant="success"
      >
        <button
          className="acr-btn acr-variant-success"
          onClick={[Function]}
        >
          Dismiss
        </button>
      </Button>
    </aside>
  </Alert>,
  <Alert
    variant="warning"
  >
    <aside
      className="acr-alert acr-variant-warning"
    >
      Example
      <Button
        onClick={[Function]}
        variant="warning"
      >
        <button
          className="acr-btn acr-variant-warning"
          onClick={[Function]}
        >
          Dismiss
        </button>
      </Button>
    </aside>
  </Alert>,
  <Alert
    variant="danger"
  >
    <aside
      className="acr-alert acr-variant-danger"
    >
      Example
      <Button
        onClick={[Function]}
        variant="danger"
      >
        <button
          className="acr-btn acr-variant-danger"
          onClick={[Function]}
        >
          Dismiss
        </button>
      </Button>
    </aside>
  </Alert>,
  <Alert>
    <aside
      className="acr-alert"
    >
      Example
      <Button
        onClick={[Function]}
      >
        <button
          className="acr-btn"
          onClick={[Function]}
        >
          Control
        </button>
      </Button>
    </aside>
  </Alert>,
]
`;
