// Jest Snapshot v1, https://goo.gl/fbAQLP

exports[`<Alert /> Should match the latest snapshot 1`] = `
Array [
  <Alert>
    <aside
      className="acr-alert"
    >
      <Text>
        <p
          className="acr-text"
        >
          Example
        </p>
      </Text>
      <DismissButton
        onClick={[Function]}
      >
        <Button
          onClick={[Function]}
        >
          <button
            className="acr-btn"
            onClick={[Function]}
          >
            Dismiss
          </button>
        </Button>
      </DismissButton>
    </aside>
  </Alert>,
  <Alert
    variant="primary"
  >
    <aside
      className="acr-alert acr-variant-primary"
    >
      <Text>
        <p
          className="acr-text"
        >
          Example
        </p>
      </Text>
      <DismissButton
        onClick={[Function]}
        variant="primary"
      >
        <Button
          onClick={[Function]}
          variant="primary"
        >
          <button
            className="acr-btn acr-variant-primary"
            onClick={[Function]}
          >
            Dismiss
          </button>
        </Button>
      </DismissButton>
    </aside>
  </Alert>,
  <Alert
    variant="success"
  >
    <aside
      className="acr-alert acr-variant-success"
    >
      <Text>
        <p
          className="acr-text"
        >
          Example
        </p>
      </Text>
      <DismissButton
        onClick={[Function]}
        variant="success"
      >
        <Button
          onClick={[Function]}
          variant="success"
        >
          <button
            className="acr-btn acr-variant-success"
            onClick={[Function]}
          >
            Dismiss
          </button>
        </Button>
      </DismissButton>
    </aside>
  </Alert>,
  <Alert
    variant="warning"
  >
    <aside
      className="acr-alert acr-variant-warning"
    >
      <Text>
        <p
          className="acr-text"
        >
          Example
        </p>
      </Text>
      <DismissButton
        onClick={[Function]}
        variant="warning"
      >
        <Button
          onClick={[Function]}
          variant="warning"
        >
          <button
            className="acr-btn acr-variant-warning"
            onClick={[Function]}
          >
            Dismiss
          </button>
        </Button>
      </DismissButton>
    </aside>
  </Alert>,
  <Alert
    variant="danger"
  >
    <aside
      className="acr-alert acr-variant-danger"
    >
      <Text>
        <p
          className="acr-text"
        >
          Example
        </p>
      </Text>
      <DismissButton
        onClick={[Function]}
        variant="danger"
      >
        <Button
          onClick={[Function]}
          variant="danger"
        >
          <button
            className="acr-btn acr-variant-danger"
            onClick={[Function]}
          >
            Dismiss
          </button>
        </Button>
      </DismissButton>
    </aside>
  </Alert>,
  <Alert
    closeButton={[Function]}
  >
    <aside
      className="acr-alert"
    >
      <Text>
        <p
          className="acr-text"
        >
          Example
        </p>
      </Text>
      <Button>
        <button
          className="acr-btn"
        >
          Control
        </button>
      </Button>
    </aside>
  </Alert>,
]
`;
