// Jest Snapshot v1, https://goo.gl/fbAQLP

exports[`<Breadcrumb /> Should match the latest snapshots 1`] = `
<Breadcrumb>
  <nav
    className="acr-breadcrumb"
  >
    <ul>
      <Crumb>
        <li
          className="acr-crumb acr-li-text-only"
        >
          Item
        </li>
      </Crumb>
      <Crumb>
        <li
          className="acr-crumb acr-li-text-only"
        >
          Item
        </li>
      </Crumb>
      <Crumb>
        <li
          className="acr-crumb acr-li-text-only"
        >
          Item
        </li>
      </Crumb>
    </ul>
  </nav>
</Breadcrumb>
`;
