// Jest Snapshot v1, https://goo.gl/fbAQLP

exports[`<Card /> Should match the latest snapshots 1`] = `
<Card>
  <Section
    classes={
      Array [
        "acr-card",
        undefined,
      ]
    }
    elevation={1}
  >
    <section
      className="acr-section acr-elevated-1 acr-card"
    >
      <CardImage
        src="image"
      >
        <img
          className="acr-card-img"
          src="image"
        />
      </CardImage>
      <CardBody>
        <Section
          classes={
            Array [
              "acr-card-body",
              undefined,
            ]
          }
        >
          <section
            className="acr-section acr-card-body"
          >
            <Title>
              <h6
                className="acr-title"
              >
                Card
              </h6>
            </Title>
            <Text>
              <p
                className="acr-text"
              >
                This is a card.
              </p>
            </Text>
          </section>
        </Section>
      </CardBody>
    </section>
  </Section>
</Card>
`;
