// Jest Snapshot v1, https://goo.gl/fbAQLP

exports[`<Nav /> Should match the latest snapshots 1`] = `
<Nav>
  <nav
    className="acr-section acr-nav"
  >
    <Menu>
      <ul
        className="acr-menu"
      >
        <MenuItem>
          <li
            className="acr-menu-item acr-li-text-only"
          >
            Item
          </li>
        </MenuItem>
        <MenuItem
          active={true}
        >
          <li
            className="acr-menu-item active acr-li-text-only"
          >
            Item
          </li>
        </MenuItem>
        <MenuItem>
          <li
            className="acr-menu-item acr-li-text-only"
          >
            Item
          </li>
        </MenuItem>
      </ul>
    </Menu>
  </nav>
</Nav>
`;
