// Jest Snapshot v1, https://goo.gl/fbAQLP

exports[`<Table /> Should match the latest snapshots 1`] = `
<Table>
  <table
    className="acr-table"
  >
    <TableSection
      part="header"
    >
      <thead
        className=""
      >
        <TableRow>
          <tr
            className=""
          >
            <Cell
              heading={true}
            >
              <th
                className=""
              >
                Heading
              </th>
            </Cell>
            <Cell
              heading={true}
            >
              <th
                className=""
              >
                Heading
              </th>
            </Cell>
          </tr>
        </TableRow>
      </thead>
    </TableSection>
    <TableSection
      part="body"
    >
      <tbody
        className=""
      >
        <TableRow>
          <tr
            className=""
          >
            <Cell>
              <td
                className=""
              >
                Item
              </td>
            </Cell>
            <Cell>
              <td
                className=""
              >
                Item
              </td>
            </Cell>
          </tr>
        </TableRow>
        <TableRow>
          <tr
            className=""
          >
            <Cell>
              <td
                className=""
              >
                Item
              </td>
            </Cell>
            <Cell>
              <td
                className=""
              >
                Item
              </td>
            </Cell>
          </tr>
        </TableRow>
      </tbody>
    </TableSection>
    <TableSection
      part="footer"
    >
      <tfoot
        className=""
      >
        <TableRow>
          <tr
            className=""
          >
            <Cell>
              <td
                className=""
              >
                Item
              </td>
            </Cell>
            <Cell>
              <td
                className=""
              >
                Item
              </td>
            </Cell>
          </tr>
        </TableRow>
      </tfoot>
    </TableSection>
  </table>
</Table>
`;
