// Jest Snapshot v1, https://goo.gl/fbAQLP

exports[`<Icon /> Should match the latest snapshots 1`] = `
Array [
  <Icon
    src="icon.svg"
  >
    <img
      className="acr-icon"
      src="icon.svg"
    />
  </Icon>,
  <Icon
    src="icon.svg"
  >
    <img
      className="acr-icon"
      src="icon.svg"
    />
  </Icon>,
]
`;
