// Jest Snapshot v1, https://goo.gl/fbAQLP

exports[`<Text /> Should match the latest snapshots 1`] = `
Array [
  <Text>
    <p
      className="acr-text"
    >
      Example
    </p>
  </Text>,
  <Text>
    <p
      className="acr-text"
    >
      Example
    </p>
  </Text>,
  <Text>
    <p
      className="acr-text"
    >
      Example
    </p>
  </Text>,
  <Text
    bold={true}
    inline={true}
  >
    <span
      className="acr-text acr-inline acr-bold"
    >
      Example
    </span>
  </Text>,
  <Text
    inline={true}
    italic={true}
  >
    <span
      className="acr-text acr-inline acr-italic"
    >
      Example
    </span>
  </Text>,
  <Text
    inline={true}
    underlined={true}
  >
    <span
      className="acr-text acr-inline acr-underlined"
    >
      Example
    </span>
  </Text>,
]
`;
